app/(tabs)/_layout.tsx(80,28): error TS2339: Property 'dark' does not exist on type '{ colors: { primary: string; secondary: string; accent: string; success: string; warning: string; error: string; background: string; surface: string; surfaceSecondary: string; text: string; textSecondary: string; ... 11 more ...; gradient: { ...; }; }; ... 5 more ...; glass: { ...; }; }'.
app/(tabs)/_layout.tsx(113,25): error TS2339: Property 'dark' does not exist on type '{ colors: { primary: string; secondary: string; accent: string; success: string; warning: string; error: string; background: string; surface: string; surfaceSecondary: string; text: string; textSecondary: string; ... 11 more ...; gradient: { ...; }; }; ... 5 more ...; glass: { ...; }; }'.
components/ui/GlassButton.tsx(56,68): error TS2339: Property 'textPrimary' does not exist on type '{ primary: string; secondary: string; accent: string; success: string; warning: string; error: string; background: string; surface: string; surfaceSecondary: string; text: string; textSecondary: string; ... 11 more ...; gradient: { ...; }; }'.
components/ui/GlassButton.tsx(66,85): error TS2339: Property 'textPrimary' does not exist on type '{ primary: string; secondary: string; accent: string; success: string; warning: string; error: string; background: string; surface: string; surfaceSecondary: string; text: string; textSecondary: string; ... 11 more ...; gradient: { ...; }; }'.
components/ui/GlassButton.tsx(107,36): error TS2339: Property 'border' does not exist on type '{ blurIntensity: number; blurTint: "dark" | "light" | "default"; }'.
components/ui/GlassButton.tsx(108,36): error TS2339: Property 'border' does not exist on type '{ blurIntensity: number; blurTint: "dark" | "light" | "default"; }'.
components/ui/GlassButton.tsx(113,42): error TS2339: Property 'blur' does not exist on type '{ blurIntensity: number; blurTint: "dark" | "light" | "default"; }'.
components/ui/GlassCard.tsx(73,42): error TS2345: Argument of type '() => { transform: ({ scale: number; translateX?: undefined; } | { translateX: number; scale?: undefined; })[]; }' is not assignable to parameter of type '() => DefaultStyle'.
  Type '{ transform: ({ scale: number; translateX?: undefined; } | { translateX: number; scale?: undefined; })[]; }' is not assignable to type 'DefaultStyle'.
    Type '{ transform: ({ scale: number; translateX?: undefined; } | { translateX: number; scale?: undefined; })[]; }' is not assignable to type 'ImageStyle'.
      Types of property 'transform' are incompatible.
        Type '({ scale: number; translateX?: undefined; } | { translateX: number; scale?: undefined; })[]' is not assignable to type 'string | readonly (({ scaleX: AnimatableNumericValue; } & { scaleY?: never; translateX?: never; translateY?: never; perspective?: never; rotate?: never; rotateX?: never; rotateY?: never; ... 4 more ...; matrix?: never; }) | ... 11 more ... | ({ ...; } & { ...; }))[]'.
          Type '({ scale: number; translateX?: undefined; } | { translateX: number; scale?: undefined; })[]' is not assignable to type 'readonly (({ scaleX: AnimatableNumericValue; } & { scaleY?: never; translateX?: never; translateY?: never; perspective?: never; rotate?: never; rotateX?: never; rotateY?: never; rotateZ?: never; scale?: never; skewX?: never; skewY?: never; matrix?: never; }) | ... 11 more ... | ({ ...; } & { ...; }))[]'.
            Type '{ scale: number; translateX?: undefined; } | { translateX: number; scale?: undefined; }' is not assignable to type '({ scaleX: AnimatableNumericValue; } & { scaleY?: never; translateX?: never; translateY?: never; perspective?: never; rotate?: never; rotateX?: never; rotateY?: never; rotateZ?: never; scale?: never; skewX?: never; skewY?: never; matrix?: never; }) | ... 11 more ... | ({ ...; } & { ...; })'.
              Type '{ scale: number; translateX?: undefined; }' is not assignable to type '({ scaleX: AnimatableNumericValue; } & { scaleY?: never; translateX?: never; translateY?: never; perspective?: never; rotate?: never; rotateX?: never; rotateY?: never; rotateZ?: never; scale?: never; skewX?: never; skewY?: never; matrix?: never; }) | ... 11 more ... | ({ ...; } & { ...; })'.
                Type '{ scale: number; translateX?: undefined; }' is not assignable to type '{ matrix: AnimatableNumericValue[]; } & { scaleX?: never; scaleY?: never; translateX?: never; translateY?: never; perspective?: never; rotate?: never; rotateX?: never; rotateY?: never; rotateZ?: never; scale?: never; skewX?: never; skewY?: never; }'.
                  Property 'matrix' is missing in type '{ scale: number; translateX?: undefined; }' but required in type '{ matrix: AnimatableNumericValue[]; }'.
components/ui/GlassCard.tsx(112,13): error TS2769: No overload matches this call.
  Overload 1 of 2, '(props: LinearGradientProps): LinearGradient', gave the following error.
    Type 'string[]' is not assignable to type 'readonly [ColorValue, ColorValue, ...ColorValue[]]'.
      Source provides no match for required element at position 0 in target.
  Overload 2 of 2, '(props: LinearGradientProps, context: any): LinearGradient', gave the following error.
    Type 'string[]' is not assignable to type 'readonly [ColorValue, ColorValue, ...ColorValue[]]'.
      Source provides no match for required element at position 0 in target.
components/ui/GlassInput.tsx(80,26): error TS2339: Property 'border' does not exist on type '{ blurIntensity: number; blurTint: "dark" | "light" | "default"; }'.
components/ui/GlassInput.tsx(82,32): error TS2339: Property 'border' does not exist on type '{ blurIntensity: number; blurTint: "dark" | "light" | "default"; }'.
components/ui/GlassInput.tsx(107,42): error TS2339: Property 'blur' does not exist on type '{ blurIntensity: number; blurTint: "dark" | "light" | "default"; }'.
components/ui/GlassInput.tsx(125,37): error TS2339: Property 'textPrimary' does not exist on type '{ primary: string; secondary: string; accent: string; success: string; warning: string; error: string; background: string; surface: string; surfaceSecondary: string; text: string; textSecondary: string; ... 11 more ...; gradient: { ...; }; }'.
components/ui/GlassModal.tsx(31,40): error TS2339: Property 'border' does not exist on type '{ blurIntensity: number; blurTint: "dark" | "light" | "default"; }'.
components/ui/GlassModal.tsx(32,40): error TS2339: Property 'border' does not exist on type '{ blurIntensity: number; blurTint: "dark" | "light" | "default"; }'.
components/ui/GlassModal.tsx(34,32): error TS2339: Property 'glass' does not exist on type '{ small: { shadowColor: string; shadowOffset: { width: number; height: number; }; shadowOpacity: number; shadowRadius: number; elevation: number; }; medium: { shadowColor: string; shadowOffset: { width: number; height: number; }; shadowOpacity: number; shadowRadius: number; elevation: number; }; large: { ...; }; }'.
components/ui/GlassModal.tsx(40,44): error TS2339: Property 'blur' does not exist on type '{ blurIntensity: number; blurTint: "dark" | "light" | "default"; }'.
components/ui/GlassNavBar.tsx(29,42): error TS2339: Property 'border' does not exist on type '{ blurIntensity: number; blurTint: "dark" | "light" | "default"; }'.
components/ui/GlassNavBar.tsx(30,42): error TS2339: Property 'border' does not exist on type '{ blurIntensity: number; blurTint: "dark" | "light" | "default"; }'.
components/ui/GlassNavBar.tsx(37,40): error TS2339: Property 'blur' does not exist on type '{ blurIntensity: number; blurTint: "dark" | "light" | "default"; }'.
components/ui/GlassNavBar.tsx(41,73): error TS2339: Property 'textPrimary' does not exist on type '{ primary: string; secondary: string; accent: string; success: string; warning: string; error: string; background: string; surface: string; surfaceSecondary: string; text: string; textSecondary: string; ... 11 more ...; gradient: { ...; }; }'.
components/ui/GlassNavBar.tsx(46,61): error TS2339: Property 'textPrimary' does not exist on type '{ primary: string; secondary: string; accent: string; success: string; warning: string; error: string; background: string; surface: string; surfaceSecondary: string; text: string; textSecondary: string; ... 11 more ...; gradient: { ...; }; }'.
